// Jest Snapshot v1, https://goo.gl/fbAQLP

exports[` 1`] = `"exec - swFX3mSaTpBcIO4VaMo4btiduC8="`;

exports[` 2`] = `"{"name":":memory:","open":true,"inTransaction":true,"readonly":false,"memory":true}"`;

exports[` 3`] = `"prepare - JaBH3ugwS/d34V4U3uvYe7TrWpY="`;

exports[` 4`] = `"run - UUdcj0oDV17Ffi3tQ6LAx9SMd7Q="`;

exports[` 5`] = `"{"changes":0,"lastInsertRowid":0}"`;

exports[` 6`] = `"prepare - mE9d09Q8QKjBAoDlMBYmvZH2PNs="`;

exports[` 7`] = `"run - UUdcj0oDV17Ffi3tQ6LAx9SMd7Q="`;

exports[` 8`] = `"{"changes":0,"lastInsertRowid":0}"`;

exports[` 9`] = `"prepare - QwleD3QVxrPjkTQLtvH03wuNRag="`;

exports[` 10`] = `"run - UUdcj0oDV17Ffi3tQ6LAx9SMd7Q="`;

exports[` 11`] = `"{"changes":0,"lastInsertRowid":0}"`;

exports[` 12`] = `"prepare - NPeAGHsYYggBMhYyTcjrCGEqgqg="`;

exports[` 13`] = `"run - UUdcj0oDV17Ffi3tQ6LAx9SMd7Q="`;

exports[` 14`] = `"{"changes":0,"lastInsertRowid":0}"`;

exports[` 15`] = `"prepare - RpuRrBHFtdgX7qxqKqVBNcIxIkk="`;

exports[` 16`] = `"run - UUdcj0oDV17Ffi3tQ6LAx9SMd7Q="`;

exports[` 17`] = `"{"changes":0,"lastInsertRowid":0}"`;

exports[` 18`] = `"prepare - lRoxrLxTxTAC40iYX2rJ5ffX6t0="`;

exports[` 19`] = `"run - UUdcj0oDV17Ffi3tQ6LAx9SMd7Q="`;

exports[` 20`] = `"{"changes":0,"lastInsertRowid":0}"`;

exports[` 21`] = `"prepare - P/uTG5Zbrmyx3RwxqUyEeQ8TkhU="`;

exports[` 22`] = `"run - UUdcj0oDV17Ffi3tQ6LAx9SMd7Q="`;

exports[` 23`] = `"{"changes":0,"lastInsertRowid":0}"`;

exports[` 24`] = `"prepare - Y7JDFIOSeNx9vUavdzsmQ4cRgjk="`;

exports[` 25`] = `"run - UUdcj0oDV17Ffi3tQ6LAx9SMd7Q="`;

exports[` 26`] = `"{"changes":0,"lastInsertRowid":0}"`;

exports[` 27`] = `"prepare - qjlqB1O3Hj8c47YkIWuwh4oLeFQ="`;

exports[` 28`] = `"run - UUdcj0oDV17Ffi3tQ6LAx9SMd7Q="`;

exports[` 29`] = `"{"changes":0,"lastInsertRowid":0}"`;

exports[` 30`] = `"prepare - spT1PQtOCzPDI7iEwvFDt+Dw/s8="`;

exports[` 31`] = `"run - UUdcj0oDV17Ffi3tQ6LAx9SMd7Q="`;

exports[` 32`] = `"{"changes":0,"lastInsertRowid":0}"`;

exports[` 33`] = `"prepare - Qhbpaolzv3dzAE5iI2H9Z9fJkD0="`;

exports[` 34`] = `"run - UUdcj0oDV17Ffi3tQ6LAx9SMd7Q="`;

exports[` 35`] = `"{"changes":0,"lastInsertRowid":0}"`;

exports[` 36`] = `"exec - mvfei0i6/P7jaJW/2LTxQWnJXeI="`;

exports[` 37`] = `"{"name":":memory:","open":true,"inTransaction":false,"readonly":false,"memory":true}"`;

exports[`Managed thingies INSERT execute on db only 1`] = `"exec - swFX3mSaTpBcIO4VaMo4btiduC8="`;

exports[`Managed thingies INSERT execute on db only 2`] = `"{"name":":memory:","open":true,"inTransaction":true,"readonly":false,"memory":true}"`;

exports[`Managed thingies INSERT execute on db only 3`] = `"prepare - k/eKDVSUPnQkB+ZQTwVBTafbP8A="`;

exports[`Managed thingies INSERT execute on db only 4`] = `"run - 2ibkMmLbwRR/8u/iIPRivQdIHlI="`;

exports[`Managed thingies INSERT execute on db only 5`] = `"{"changes":1,"lastInsertRowid":2}"`;

exports[`Managed thingies INSERT execute on db only 6`] = `"prepare - IfDFMkLyjCHKu7obpQCkWDaOkPE="`;

exports[`Managed thingies INSERT execute on db only 7`] = `"all - kTjdZfiiPc+sbBOps1XCuu0aYrM="`;

exports[`Managed thingies INSERT execute on db only 8`] = `"[{"_json_":"{\\"createdAt\\":\\"2000-01-01T00:00:00.000Z\\",\\"createdBy\\":\\"anonymous\\",\\"modifiedAt\\":\\"2000-01-01T00:00:00.000Z\\",\\"modifiedBy\\":\\"samuel\\",\\"ID\\":2}"}]"`;

exports[`Managed thingies INSERT execute on db only 9`] = `"exec - mvfei0i6/P7jaJW/2LTxQWnJXeI="`;

exports[`Managed thingies INSERT execute on db only 10`] = `"{"name":":memory:","open":true,"inTransaction":false,"readonly":false,"memory":true}"`;

exports[`Managed thingies UPSERT execute on db only 1`] = `"exec - swFX3mSaTpBcIO4VaMo4btiduC8="`;

exports[`Managed thingies UPSERT execute on db only 2`] = `"{"name":":memory:","open":true,"inTransaction":true,"readonly":false,"memory":true}"`;

exports[`Managed thingies UPSERT execute on db only 3`] = `"prepare - XtCHDszQhMtRIWuGJ1JDfG5No6k="`;

exports[`Managed thingies UPSERT execute on db only 4`] = `"run - ULGR8J4C7f0ntYHV8dNOd1N5DD0="`;

exports[`Managed thingies UPSERT execute on db only 5`] = `"{"changes":1,"lastInsertRowid":3}"`;

exports[`Managed thingies UPSERT execute on db only 6`] = `"prepare - GLw+s07AJ4E3gUHIJrSoteqI8Ss="`;

exports[`Managed thingies UPSERT execute on db only 7`] = `"all - kTjdZfiiPc+sbBOps1XCuu0aYrM="`;

exports[`Managed thingies UPSERT execute on db only 8`] = `"[{"_json_":"{\\"createdAt\\":null,\\"createdBy\\":null,\\"modifiedAt\\":\\"2000-01-01T00:00:00.000Z\\",\\"modifiedBy\\":\\"samuel\\",\\"ID\\":3}"}]"`;

exports[`Managed thingies UPSERT execute on db only 9`] = `"exec - mvfei0i6/P7jaJW/2LTxQWnJXeI="`;

exports[`Managed thingies UPSERT execute on db only 10`] = `"{"name":":memory:","open":true,"inTransaction":false,"readonly":false,"memory":true}"`;

exports[`Managed thingies managed attributes are shared within a transaction 1`] = `"exec - swFX3mSaTpBcIO4VaMo4btiduC8="`;

exports[`Managed thingies managed attributes are shared within a transaction 2`] = `"{"name":":memory:","open":true,"inTransaction":true,"readonly":false,"memory":true}"`;

exports[`Managed thingies managed attributes are shared within a transaction 3`] = `"prepare - Z5lraocW7wYyorpn71xwGmN/uZ0="`;

exports[`Managed thingies managed attributes are shared within a transaction 4`] = `"run - TJe/UZQ/QBgWh3rzJQdAwa0lKn0="`;

exports[`Managed thingies managed attributes are shared within a transaction 5`] = `"{"changes":1,"lastInsertRowid":4711}"`;

exports[`Managed thingies managed attributes are shared within a transaction 6`] = `"prepare - Z5lraocW7wYyorpn71xwGmN/uZ0="`;

exports[`Managed thingies managed attributes are shared within a transaction 7`] = `"run - 337avv6esyFyczoru3kdwQnkmWI="`;

exports[`Managed thingies managed attributes are shared within a transaction 8`] = `"{"changes":1,"lastInsertRowid":4712}"`;

exports[`Managed thingies managed attributes are shared within a transaction 9`] = `"prepare - /yXAm3p7sQbiJWy+fGBCXLXTDes="`;

exports[`Managed thingies managed attributes are shared within a transaction 10`] = `"all - kTjdZfiiPc+sbBOps1XCuu0aYrM="`;

exports[`Managed thingies managed attributes are shared within a transaction 11`] = `"[{"_json_":"{\\"createdAt\\":\\"2000-01-01T00:00:03.000Z\\",\\"createdBy\\":\\"tom\\",\\"modifiedAt\\":\\"2000-01-01T00:00:03.000Z\\",\\"modifiedBy\\":\\"tom\\",\\"ID\\":4711}"},{"_json_":"{\\"createdAt\\":\\"2000-01-01T00:00:03.000Z\\",\\"createdBy\\":\\"tom\\",\\"modifiedAt\\":\\"2000-01-01T00:00:03.000Z\\",\\"modifiedBy\\":\\"tom\\",\\"ID\\":4712}"}]"`;

exports[`Managed thingies managed attributes are shared within a transaction 12`] = `"exec - EqCUMhop+U0jW5eBmF21Oj1yT/k="`;

exports[`Managed thingies managed attributes are shared within a transaction 13`] = `"{"name":":memory:","open":true,"inTransaction":false,"readonly":false,"memory":true}"`;

exports[`Managed thingies on insert is filled 1`] = `"exec - swFX3mSaTpBcIO4VaMo4btiduC8="`;

exports[`Managed thingies on insert is filled 2`] = `"{"name":":memory:","open":true,"inTransaction":true,"readonly":false,"memory":true}"`;

exports[`Managed thingies on insert is filled 3`] = `"prepare - yDT2DuN1BFD5Op6Cw+CBStA0zMk="`;

exports[`Managed thingies on insert is filled 4`] = `"run - ljhYNQKn/r5VKCTYoTOObzQrDlo="`;

exports[`Managed thingies on insert is filled 5`] = `"{"changes":1,"lastInsertRowid":4}"`;

exports[`Managed thingies on insert is filled 6`] = `"prepare - rWteI7WY84OU1vXrw7Cittfbp4o="`;

exports[`Managed thingies on insert is filled 7`] = `"all - kTjdZfiiPc+sbBOps1XCuu0aYrM="`;

exports[`Managed thingies on insert is filled 8`] = `"[{"_json_":"{\\"createdAt\\":\\"2000-01-01T00:00:01.000Z\\",\\"createdBy\\":\\"anonymous\\",\\"modifiedAt\\":\\"2000-01-01T00:00:01.000Z\\",\\"modifiedBy\\":\\"anonymous\\",\\"ID\\":4}"}]"`;

exports[`Managed thingies on insert is filled 9`] = `"exec - mvfei0i6/P7jaJW/2LTxQWnJXeI="`;

exports[`Managed thingies on insert is filled 10`] = `"{"name":":memory:","open":true,"inTransaction":false,"readonly":false,"memory":true}"`;

exports[`Managed thingies on update is filled 1`] = `"exec - swFX3mSaTpBcIO4VaMo4btiduC8="`;

exports[`Managed thingies on update is filled 2`] = `"{"name":":memory:","open":true,"inTransaction":true,"readonly":false,"memory":true}"`;

exports[`Managed thingies on update is filled 3`] = `"prepare - zRo3XvNG5OGa+/dk9BEj09viQqs="`;

exports[`Managed thingies on update is filled 4`] = `"run - c4E863alFa3xiCY2BfOI0Uq+Z7I="`;

exports[`Managed thingies on update is filled 5`] = `"{"changes":1,"lastInsertRowid":5}"`;

exports[`Managed thingies on update is filled 6`] = `"prepare - wrAcDgo+wa4C4Q57S7FByy67pvU="`;

exports[`Managed thingies on update is filled 7`] = `"all - kTjdZfiiPc+sbBOps1XCuu0aYrM="`;

exports[`Managed thingies on update is filled 8`] = `"[{"_json_":"{\\"createdAt\\":\\"2000-01-01T00:00:02.000Z\\",\\"createdBy\\":\\"anonymous\\",\\"modifiedAt\\":\\"2000-01-01T00:00:02.000Z\\",\\"modifiedBy\\":\\"anonymous\\",\\"ID\\":5}"}]"`;

exports[`Managed thingies on update is filled 9`] = `"exec - mvfei0i6/P7jaJW/2LTxQWnJXeI="`;

exports[`Managed thingies on update is filled 10`] = `"{"name":":memory:","open":true,"inTransaction":false,"readonly":false,"memory":true}"`;

exports[`Managed thingies on update is filled 11`] = `"exec - swFX3mSaTpBcIO4VaMo4btiduC8="`;

exports[`Managed thingies on update is filled 12`] = `"{"name":":memory:","open":true,"inTransaction":true,"readonly":false,"memory":true}"`;

exports[`Managed thingies on update is filled 13`] = `"prepare - xATJRqfF00MDA1ZU/zBJWCdeTBQ="`;

exports[`Managed thingies on update is filled 14`] = `"run - kTjdZfiiPc+sbBOps1XCuu0aYrM="`;

exports[`Managed thingies on update is filled 15`] = `"{"changes":1,"lastInsertRowid":5}"`;

exports[`Managed thingies on update is filled 16`] = `"prepare - wrAcDgo+wa4C4Q57S7FByy67pvU="`;

exports[`Managed thingies on update is filled 17`] = `"all - kTjdZfiiPc+sbBOps1XCuu0aYrM="`;

exports[`Managed thingies on update is filled 18`] = `"[{"_json_":"{\\"createdAt\\":\\"2000-01-01T00:00:02.000Z\\",\\"createdBy\\":\\"anonymous\\",\\"modifiedAt\\":\\"2000-01-01T00:00:03.000Z\\",\\"modifiedBy\\":\\"anonymous\\",\\"ID\\":5}"}]"`;

exports[`Managed thingies on update is filled 19`] = `"exec - mvfei0i6/P7jaJW/2LTxQWnJXeI="`;

exports[`Managed thingies on update is filled 20`] = `"{"name":":memory:","open":true,"inTransaction":false,"readonly":false,"memory":true}"`;
