// Jest Snapshot v1, https://goo.gl/fbAQLP

exports[` 1`] = `"exec - p5WzKUf1AZX+BwSxZE+Lmk8LORnkKWtlj23ZCCb6QJI="`;

exports[` 2`] = `"{"name":":memory:","open":true,"inTransaction":true,"readonly":false,"memory":true}"`;

exports[` 3`] = `"prepare - 4hJs3P4X0L/TtEZiK9E2+nXWsRx0Jc5M3xsCFU8+V9Y="`;

exports[` 4`] = `"run - olad8808d/XRMHJS7T+p13dyVVLgVJiTwu2s4YaFZkU="`;

exports[` 5`] = `"{"changes":0,"lastInsertRowid":0}"`;

exports[` 6`] = `"prepare - q6N+CSJsL36UKHmJdt9GQp4hUQTutrhYhdwrT/XlnzY="`;

exports[` 7`] = `"run - olad8808d/XRMHJS7T+p13dyVVLgVJiTwu2s4YaFZkU="`;

exports[` 8`] = `"{"changes":0,"lastInsertRowid":0}"`;

exports[` 9`] = `"prepare - ad/Tt1D2DlNkkPxqW/OmN5G9LInklB24xRyinpgNFGk="`;

exports[` 10`] = `"run - olad8808d/XRMHJS7T+p13dyVVLgVJiTwu2s4YaFZkU="`;

exports[` 11`] = `"{"changes":0,"lastInsertRowid":0}"`;

exports[` 12`] = `"prepare - YagGfW6HCVfIgJjVqtaFN9gP2ouzRymTZnkURpGGd9s="`;

exports[` 13`] = `"run - olad8808d/XRMHJS7T+p13dyVVLgVJiTwu2s4YaFZkU="`;

exports[` 14`] = `"{"changes":0,"lastInsertRowid":0}"`;

exports[` 15`] = `"prepare - Ol/6Y6BodP5gtx/l0jImFM5AaXljROl4Lm2ztc62tpk="`;

exports[` 16`] = `"run - olad8808d/XRMHJS7T+p13dyVVLgVJiTwu2s4YaFZkU="`;

exports[` 17`] = `"{"changes":0,"lastInsertRowid":0}"`;

exports[` 18`] = `"prepare - uoyHPNoxk0FNMMEEN8IbkOugv7dlMBLY76zdJsjsvgE="`;

exports[` 19`] = `"run - olad8808d/XRMHJS7T+p13dyVVLgVJiTwu2s4YaFZkU="`;

exports[` 20`] = `"{"changes":0,"lastInsertRowid":0}"`;

exports[` 21`] = `"prepare - lh6fNk8C7NkmdZlB8zMlg0z13HmVvYE+B3rPdFZHiW4="`;

exports[` 22`] = `"run - olad8808d/XRMHJS7T+p13dyVVLgVJiTwu2s4YaFZkU="`;

exports[` 23`] = `"{"changes":0,"lastInsertRowid":0}"`;

exports[` 24`] = `"prepare - VU7fCH9nq29aLeGn66nj9qhvosuvjSomvw0HoA8liTc="`;

exports[` 25`] = `"run - olad8808d/XRMHJS7T+p13dyVVLgVJiTwu2s4YaFZkU="`;

exports[` 26`] = `"{"changes":0,"lastInsertRowid":0}"`;

exports[` 27`] = `"prepare - ZaeHD6V0xGtu37W7tMHTwOjrHn/apS+A+YAt4sI0Zhc="`;

exports[` 28`] = `"run - olad8808d/XRMHJS7T+p13dyVVLgVJiTwu2s4YaFZkU="`;

exports[` 29`] = `"{"changes":0,"lastInsertRowid":0}"`;

exports[` 30`] = `"prepare - dPckc0XbsXm0WcB8Uyi1WJvdPAS51HRxL5/k7IpeMwQ="`;

exports[` 31`] = `"run - olad8808d/XRMHJS7T+p13dyVVLgVJiTwu2s4YaFZkU="`;

exports[` 32`] = `"{"changes":0,"lastInsertRowid":0}"`;

exports[` 33`] = `"prepare - Yf7UiNqPBtq3D3qHu9gs/izoOcg54CuSH8Dpy1RuXik="`;

exports[` 34`] = `"run - olad8808d/XRMHJS7T+p13dyVVLgVJiTwu2s4YaFZkU="`;

exports[` 35`] = `"{"changes":0,"lastInsertRowid":0}"`;

exports[` 36`] = `"exec - lR5wERrlxCGxy2UdW3UXzY/MKf0HDvfbYEbOCrUifT0="`;

exports[` 37`] = `"{"name":":memory:","open":true,"inTransaction":false,"readonly":false,"memory":true}"`;

exports[`UUID Generation INSERT with multiple entries 1`] = `"exec - p5WzKUf1AZX+BwSxZE+Lmk8LORnkKWtlj23ZCCb6QJI="`;

exports[`UUID Generation INSERT with multiple entries 2`] = `"{"name":":memory:","open":true,"inTransaction":true,"readonly":false,"memory":true}"`;

exports[`UUID Generation INSERT with multiple entries 3`] = `"prepare - iEzFq3g9LSXUbTvC+JjKR+BdcLNZKCyvtnr6qcoadq0="`;

exports[`UUID Generation INSERT with multiple entries 4`] = `"run - hWHKeiMoi9p6+6UemewldAtUhzeUnw24ASyFhIyByaY="`;

exports[`UUID Generation INSERT with multiple entries 5`] = `"{"changes":2,"lastInsertRowid":2}"`;

exports[`UUID Generation INSERT with multiple entries 6`] = `"prepare - vMfadKp27zxG1rOdjUetejEXXRybLn0GEps9FNJ/WTM="`;

exports[`UUID Generation INSERT with multiple entries 7`] = `"all - dCO5yE5xNzuaUcJ/VNj+Q85B/d2k7Wc4cHmpfUZSmro="`;

exports[`UUID Generation INSERT with multiple entries 8`] = `"[{"_json_":"{\\"ID\\":\\"00000000-0000-0000-0000-000000000001\\"}"},{"_json_":"{\\"ID\\":\\"00000000-0000-0000-0000-000000000002\\"}"}]"`;

exports[`UUID Generation INSERT with multiple entries 9`] = `"prepare - j6jPAcIGVCK/aFEogp91mVdqZyGkAUBqIAUEbkSPXjY="`;

exports[`UUID Generation INSERT with multiple entries 10`] = `"run - dCO5yE5xNzuaUcJ/VNj+Q85B/d2k7Wc4cHmpfUZSmro="`;

exports[`UUID Generation INSERT with multiple entries 11`] = `"{"changes":2,"lastInsertRowid":2}"`;

exports[`UUID Generation INSERT with multiple entries 12`] = `"exec - lR5wERrlxCGxy2UdW3UXzY/MKf0HDvfbYEbOCrUifT0="`;

exports[`UUID Generation INSERT with multiple entries 13`] = `"{"name":":memory:","open":true,"inTransaction":false,"readonly":false,"memory":true}"`;

exports[`UUID Generation INSERT with one entry 1`] = `"exec - p5WzKUf1AZX+BwSxZE+Lmk8LORnkKWtlj23ZCCb6QJI="`;

exports[`UUID Generation INSERT with one entry 2`] = `"{"name":":memory:","open":true,"inTransaction":true,"readonly":false,"memory":true}"`;

exports[`UUID Generation INSERT with one entry 3`] = `"prepare - iEzFq3g9LSXUbTvC+JjKR+BdcLNZKCyvtnr6qcoadq0="`;

exports[`UUID Generation INSERT with one entry 4`] = `"run - McteI2S/USa1tWM9h9JdgpbmsqUwfwWC8APGjx2iNa4="`;

exports[`UUID Generation INSERT with one entry 5`] = `"{"changes":1,"lastInsertRowid":1}"`;

exports[`UUID Generation INSERT with one entry 6`] = `"prepare - vMfadKp27zxG1rOdjUetejEXXRybLn0GEps9FNJ/WTM="`;

exports[`UUID Generation INSERT with one entry 7`] = `"all - dCO5yE5xNzuaUcJ/VNj+Q85B/d2k7Wc4cHmpfUZSmro="`;

exports[`UUID Generation INSERT with one entry 8`] = `"[{"_json_":"{\\"ID\\":\\"00000000-0000-0000-0000-000000000000\\"}"}]"`;

exports[`UUID Generation INSERT with one entry 9`] = `"prepare - j6jPAcIGVCK/aFEogp91mVdqZyGkAUBqIAUEbkSPXjY="`;

exports[`UUID Generation INSERT with one entry 10`] = `"run - dCO5yE5xNzuaUcJ/VNj+Q85B/d2k7Wc4cHmpfUZSmro="`;

exports[`UUID Generation INSERT with one entry 11`] = `"{"changes":1,"lastInsertRowid":1}"`;

exports[`UUID Generation INSERT with one entry 12`] = `"exec - lR5wERrlxCGxy2UdW3UXzY/MKf0HDvfbYEbOCrUifT0="`;

exports[`UUID Generation INSERT with one entry 13`] = `"{"name":":memory:","open":true,"inTransaction":false,"readonly":false,"memory":true}"`;
