// Jest Snapshot v1, https://goo.gl/fbAQLP

exports[`upsert test with entries 1`] = `
{
  "entries": [
    [
      "[{"ID":1,"name":null,"a":2},{"ID":null,"name":"'asd'","a":6}]",
    ],
  ],
  "sql": "INSERT INTO Foo2 (ID,name,a) SELECT value->>'$."ID"',value->>'$."name"',value->>'$."a"' FROM json_each(?) WHERE true ON CONFLICT(ID) DO UPDATE SET name = excluded.name,a = excluded.a",
}
`;

exports[`upsert test with keys only 1`] = `
{
  "entries": [
    [
      "[[1],[9]]",
    ],
  ],
  "sql": "INSERT INTO Foo2 (ID) SELECT value->>'$[0]' FROM json_each(?) WHERE true ON CONFLICT(ID) DO NOTHING",
}
`;
